2026-07-31 08:52:56 [INFO] === baseline_dlinear  run_dir=C:\Users\ss348\Desktop\New folder\runs\20260731_085237 ===
2026-07-31 08:52:56 [INFO] Device: cuda
2026-07-31 08:52:56 [INFO] 
============================================================
  All-Grid DLinear (Small)
============================================================
2026-07-31 08:52:56 [INFO]   Params: 0.0K
2026-07-31 08:52:57 [INFO]   [All-Grid DLinear (Small)] Epoch   1/ 10 | Train: 0.46434 | Val: 0.23598 <- best | elapsed 1.0s | GPU 16/4096MB
2026-07-31 08:52:58 [INFO]   [All-Grid DLinear (Small)] Epoch   2/ 10 | Train: 0.18162 | Val: 0.16245 <- best | elapsed 1.9s | GPU 16/4096MB
2026-07-31 08:52:59 [INFO]   [All-Grid DLinear (Small)] Epoch   3/ 10 | Train: 0.14196 | Val: 0.13958 <- best | elapsed 2.7s | GPU 16/4096MB
2026-07-31 08:52:59 [INFO]   [All-Grid DLinear (Small)] Epoch   4/ 10 | Train: 0.12504 | Val: 0.12747 <- best | elapsed 3.5s | GPU 16/4096MB
2026-07-31 08:53:00 [INFO]   [All-Grid DLinear (Small)] Epoch   5/ 10 | Train: 0.11684 | Val: 0.12229 <- best | elapsed 4.3s | GPU 16/4096MB
2026-07-31 08:53:01 [INFO]   [All-Grid DLinear (Small)] Epoch   6/ 10 | Train: 0.11303 | Val: 0.12005 <- best | elapsed 5.1s | GPU 16/4096MB
2026-07-31 08:53:02 [INFO]   [All-Grid DLinear (Small)] Epoch   7/ 10 | Train: 0.11133 | Val: 0.11920 <- best | elapsed 5.9s | GPU 16/4096MB
2026-07-31 08:53:03 [INFO]   [All-Grid DLinear (Small)] Epoch   8/ 10 | Train: 0.11071 | Val: 0.11915 <- best | elapsed 6.7s | GPU 16/4096MB
2026-07-31 08:53:03 [INFO]   [All-Grid DLinear (Small)] Epoch   9/ 10 | Train: 0.11043 | Val: 0.11914 <- best | elapsed 7.4s | GPU 16/4096MB
2026-07-31 08:53:04 [INFO]   [All-Grid DLinear (Small)] Epoch  10/ 10 | Train: 0.11041 | Val: 0.11897 <- best | elapsed 8.2s | GPU 16/4096MB
2026-07-31 08:53:05 [INFO]   TEST MAE=69.8261  wMAPE=3.97%  Time=8.2s
2026-07-31 08:53:05 [INFO] 
============================================================
  All-Grid DLinear (Base)
============================================================
2026-07-31 08:53:05 [INFO]   Params: 0.0K
2026-07-31 08:53:06 [INFO]   [All-Grid DLinear (Base)] Epoch   1/ 10 | Train: 0.38664 | Val: 0.23071 <- best | elapsed 0.8s | GPU 16/4096MB
2026-07-31 08:53:07 [INFO]   [All-Grid DLinear (Base)] Epoch   2/ 10 | Train: 0.18472 | Val: 0.16612 <- best | elapsed 1.6s | GPU 16/4096MB
2026-07-31 08:53:08 [INFO]   [All-Grid DLinear (Base)] Epoch   3/ 10 | Train: 0.14497 | Val: 0.14071 <- best | elapsed 2.5s | GPU 16/4096MB
2026-07-31 08:53:09 [INFO]   [All-Grid DLinear (Base)] Epoch   4/ 10 | Train: 0.12701 | Val: 0.12866 <- best | elapsed 3.3s | GPU 16/4096MB
2026-07-31 08:53:09 [INFO]   [All-Grid DLinear (Base)] Epoch   5/ 10 | Train: 0.11798 | Val: 0.12294 <- best | elapsed 4.1s | GPU 16/4096MB
2026-07-31 08:53:10 [INFO]   [All-Grid DLinear (Base)] Epoch   6/ 10 | Train: 0.11364 | Val: 0.12010 <- best | elapsed 4.9s | GPU 16/4096MB
2026-07-31 08:53:11 [INFO]   [All-Grid DLinear (Base)] Epoch   7/ 10 | Train: 0.11164 | Val: 0.11948 <- best | elapsed 5.7s | GPU 16/4096MB
2026-07-31 08:53:12 [INFO]   [All-Grid DLinear (Base)] Epoch   8/ 10 | Train: 0.11081 | Val: 0.11915 <- best | elapsed 6.5s | GPU 16/4096MB
2026-07-31 08:53:13 [INFO]   [All-Grid DLinear (Base)] Epoch   9/ 10 | Train: 0.11051 | Val: 0.11898 <- best | elapsed 7.4s | GPU 16/4096MB
2026-07-31 08:53:13 [INFO]   [All-Grid DLinear (Base)] Epoch  10/ 10 | Train: 0.11042 | Val: 0.11880 <- best | elapsed 8.2s | GPU 16/4096MB
2026-07-31 08:53:14 [INFO]   TEST MAE=70.4429  wMAPE=4.01%  Time=8.2s
2026-07-31 08:53:15 [INFO] 
============================================================
  All-Grid DLinear (Large)
============================================================
2026-07-31 08:53:15 [INFO]   Params: 0.0K
2026-07-31 08:53:15 [INFO]   [All-Grid DLinear (Large)] Epoch   1/ 10 | Train: 0.39250 | Val: 0.22652 <- best | elapsed 0.8s | GPU 16/4096MB
2026-07-31 08:53:16 [INFO]   [All-Grid DLinear (Large)] Epoch   2/ 10 | Train: 0.18296 | Val: 0.16469 <- best | elapsed 1.6s | GPU 16/4096MB
2026-07-31 08:53:17 [INFO]   [All-Grid DLinear (Large)] Epoch   3/ 10 | Train: 0.14420 | Val: 0.14023 <- best | elapsed 2.3s | GPU 16/4096MB
2026-07-31 08:53:18 [INFO]   [All-Grid DLinear (Large)] Epoch   4/ 10 | Train: 0.12650 | Val: 0.12927 <- best | elapsed 3.1s | GPU 16/4096MB
2026-07-31 08:53:18 [INFO]   [All-Grid DLinear (Large)] Epoch   5/ 10 | Train: 0.11779 | Val: 0.12297 <- best | elapsed 3.8s | GPU 16/4096MB
2026-07-31 08:53:19 [INFO]   [All-Grid DLinear (Large)] Epoch   6/ 10 | Train: 0.11349 | Val: 0.12034 <- best | elapsed 4.6s | GPU 16/4096MB
2026-07-31 08:53:20 [INFO]   [All-Grid DLinear (Large)] Epoch   7/ 10 | Train: 0.11159 | Val: 0.11945 <- best | elapsed 5.4s | GPU 16/4096MB
2026-07-31 08:53:21 [INFO]   [All-Grid DLinear (Large)] Epoch   8/ 10 | Train: 0.11078 | Val: 0.11899 <- best | elapsed 6.1s | GPU 16/4096MB
2026-07-31 08:53:21 [INFO]   [All-Grid DLinear (Large)] Epoch   9/ 10 | Train: 0.11053 | Val: 0.11911 | elapsed 6.8s | GPU 16/4096MB
2026-07-31 08:53:22 [INFO]   [All-Grid DLinear (Large)] Epoch  10/ 10 | Train: 0.11037 | Val: 0.11928 | elapsed 7.6s | GPU 16/4096MB
2026-07-31 08:53:23 [INFO]   TEST MAE=70.3522  wMAPE=4.00%  Time=7.6s
2026-07-31 08:53:23 [INFO]   [Adapt] Zero-Shot MAE on B+C = 79.7005
2026-07-31 08:53:23 [INFO]   [Adapt] Retraining on adapted data ...
2026-07-31 08:53:24 [INFO]   [All-Grid DLinear (Large) Retrain] Epoch   1/ 10 | Train: 0.38740 | Val: 0.20048 <- best | elapsed 0.8s | GPU 16/4096MB
2026-07-31 08:53:25 [INFO]   [All-Grid DLinear (Large) Retrain] Epoch   2/ 10 | Train: 0.16547 | Val: 0.13309 <- best | elapsed 1.6s | GPU 16/4096MB
2026-07-31 08:53:26 [INFO]   [All-Grid DLinear (Large) Retrain] Epoch   3/ 10 | Train: 0.12253 | Val: 0.10814 <- best | elapsed 2.4s | GPU 16/4096MB
2026-07-31 08:53:27 [INFO]   [All-Grid DLinear (Large) Retrain] Epoch   4/ 10 | Train: 0.10208 | Val: 0.09736 <- best | elapsed 3.1s | GPU 16/4096MB
2026-07-31 08:53:27 [INFO]   [All-Grid DLinear (Large) Retrain] Epoch   5/ 10 | Train: 0.09082 | Val: 0.09029 <- best | elapsed 3.9s | GPU 16/4096MB
2026-07-31 08:53:28 [INFO]   [All-Grid DLinear (Large) Retrain] Epoch   6/ 10 | Train: 0.08458 | Val: 0.08714 <- best | elapsed 4.8s | GPU 16/4096MB
2026-07-31 08:53:29 [INFO]   [All-Grid DLinear (Large) Retrain] Epoch   7/ 10 | Train: 0.08119 | Val: 0.08618 <- best | elapsed 5.5s | GPU 16/4096MB
2026-07-31 08:53:30 [INFO]   [All-Grid DLinear (Large) Retrain] Epoch   8/ 10 | Train: 0.07941 | Val: 0.08645 | elapsed 6.2s | GPU 16/4096MB
2026-07-31 08:53:31 [INFO]   [All-Grid DLinear (Large) Retrain] Epoch   9/ 10 | Train: 0.07852 | Val: 0.08601 <- best | elapsed 7.0s | GPU 16/4096MB
2026-07-31 08:53:31 [INFO]   [All-Grid DLinear (Large) Retrain] Epoch  10/ 10 | Train: 0.07801 | Val: 0.08668 | elapsed 7.9s | GPU 16/4096MB
2026-07-31 08:53:32 [INFO]   [Adapt] Retrain MAE on B+C = 76.5858
2026-07-31 08:53:32 [INFO] === baseline_dlinear complete ===
