2026-07-31 08:52:51 [INFO] === hmstv2  run_dir=C:\Users\ss348\Desktop\New folder\runs\20260731_085237 ===
2026-07-31 08:52:52 [INFO] Device: cuda
2026-07-31 08:52:52 [INFO] 
============================================================
  HMST-v2 (Base)
============================================================
2026-07-31 08:52:52 [INFO]   Params: 30.7K
2026-07-31 08:52:56 [INFO]   [HMST-v2 (Base)] Epoch   1/ 10 | Train: 29535.52935 | Val: 11953.51434 <- best | elapsed 3.8s | GPU 17/4096MB
2026-07-31 08:52:59 [INFO]   [HMST-v2 (Base)] Epoch   2/ 10 | Train: 9477.98251 | Val: 9283.35320 <- best | elapsed 7.5s | GPU 17/4096MB
2026-07-31 08:53:03 [INFO]   [HMST-v2 (Base)] Epoch   3/ 10 | Train: 7476.52422 | Val: 9374.32533 | elapsed 11.1s | GPU 17/4096MB
2026-07-31 08:53:07 [INFO]   [HMST-v2 (Base)] Epoch   4/ 10 | Train: 6877.76927 | Val: 8717.30729 <- best | elapsed 14.7s | GPU 17/4096MB
2026-07-31 08:53:10 [INFO]   [HMST-v2 (Base)] Epoch   5/ 10 | Train: 6416.04353 | Val: 8214.26468 <- best | elapsed 18.3s | GPU 17/4096MB
2026-07-31 08:53:14 [INFO]   [HMST-v2 (Base)] Epoch   6/ 10 | Train: 6145.78649 | Val: 7739.13780 <- best | elapsed 22.0s | GPU 17/4096MB
2026-07-31 08:53:18 [INFO]   [HMST-v2 (Base)] Epoch   7/ 10 | Train: 5950.52019 | Val: 7929.09310 | elapsed 25.6s | GPU 17/4096MB
2026-07-31 08:53:21 [INFO]   [HMST-v2 (Base)] Epoch   8/ 10 | Train: 5658.57429 | Val: 7556.46566 <- best | elapsed 29.2s | GPU 17/4096MB
2026-07-31 08:53:25 [INFO]   [HMST-v2 (Base)] Epoch   9/ 10 | Train: 5537.18806 | Val: 7326.02356 <- best | elapsed 32.8s | GPU 17/4096MB
2026-07-31 08:53:28 [INFO]   [HMST-v2 (Base)] Epoch  10/ 10 | Train: 5504.30158 | Val: 7893.70118 | elapsed 36.5s | GPU 17/4096MB
2026-07-31 08:53:30 [INFO]   TEST MAE=47.9216  wMAPE=2.73%  Time=36.5s
2026-07-31 08:53:30 [INFO] 
============================================================
  HMST-v2 (Large)
============================================================
2026-07-31 08:53:30 [INFO]   Params: 234.5K
2026-07-31 08:53:36 [INFO]   [HMST-v2 (Large)] Epoch   1/ 10 | Train: 21018.58990 | Val: 12077.58509 <- best | elapsed 6.5s | GPU 21/4096MB
2026-07-31 08:53:42 [INFO]   [HMST-v2 (Large)] Epoch   2/ 10 | Train: 8803.70554 | Val: 10975.07477 <- best | elapsed 12.6s | GPU 21/4096MB
2026-07-31 08:53:48 [INFO]   [HMST-v2 (Large)] Epoch   3/ 10 | Train: 7885.34623 | Val: 9175.51189 <- best | elapsed 18.5s | GPU 21/4096MB
2026-07-31 08:53:56 [INFO]   [HMST-v2 (Large)] Epoch   4/ 10 | Train: 6850.91850 | Val: 8368.70208 <- best | elapsed 25.8s | GPU 21/4096MB
2026-07-31 08:54:02 [INFO]   [HMST-v2 (Large)] Epoch   5/ 10 | Train: 6711.58459 | Val: 8023.70456 <- best | elapsed 32.0s | GPU 21/4096MB
2026-07-31 08:54:08 [INFO]   [HMST-v2 (Large)] Epoch   6/ 10 | Train: 6299.71515 | Val: 8042.48182 | elapsed 38.1s | GPU 21/4096MB
2026-07-31 08:54:14 [INFO]   [HMST-v2 (Large)] Epoch   7/ 10 | Train: 6155.31592 | Val: 7602.98334 <- best | elapsed 44.3s | GPU 21/4096MB
2026-07-31 08:54:20 [INFO]   [HMST-v2 (Large)] Epoch   8/ 10 | Train: 5956.04565 | Val: 8409.60240 | elapsed 50.6s | GPU 21/4096MB
2026-07-31 08:54:26 [INFO]   [HMST-v2 (Large)] Epoch   9/ 10 | Train: 5958.69688 | Val: 8967.84728 | elapsed 56.6s | GPU 21/4096MB
2026-07-31 08:54:32 [INFO]   [HMST-v2 (Large)] Epoch  10/ 10 | Train: 5626.75384 | Val: 7853.02911 | elapsed 62.7s | GPU 21/4096MB
2026-07-31 08:54:34 [INFO]   TEST MAE=49.1416  wMAPE=2.79%  Time=62.7s
2026-07-31 08:54:34 [INFO]   Zero-shot eval on adapted test set ...
2026-07-31 08:54:35 [INFO]   Zero-Shot MAE on B+C = 111.7809
2026-07-31 08:54:35 [INFO]   Starting HMST partial fine-tune on adapted data ...
2026-07-31 08:54:41 [INFO]   FT Epoch   1 | Val: 11116.85451 <- best
2026-07-31 08:55:02 [INFO]   FT Epoch   5 | Val: 10625.30415 <- best
2026-07-31 08:55:29 [INFO]   FT Epoch  10 | Val: 10918.85487
2026-07-31 08:55:29 [INFO]   [Early Stop] FT epoch 10
2026-07-31 08:55:29 [INFO]   Fine-Tune MAE on B+C = 47.0941  Time=53.8s
2026-07-31 08:55:30 [INFO] === hmstv2 complete ===
