2026-07-31 08:52:37 [INFO] === run_preprocess.py  run_id=20260731_085237 ===
2026-07-31 08:52:37 [INFO] Config: NUM_GRIDS=10, LOOKBACK=12, BATCH_SIZE=32, K_ROOTS=4
2026-07-31 08:52:37 [INFO] Loading data from C:\Users\ss348\Desktop\New folder\data\2019_hourly_pop_byCHT.parquet ...
2026-07-31 08:52:38 [INFO] Loaded: 2923 grids, 8760 hours.
2026-07-31 08:52:39 [INFO] Cleaning: filter1=28 filter2=93 filter3=42 filter4=849 total_removed=992 remaining=1931
2026-07-31 08:52:39 [INFO] Selected 10 grids from 1931 clean grids.
2026-07-31 08:52:42 [INFO]   Region 0: 5 grids (50.0%)
2026-07-31 08:52:42 [INFO]   Region 1: 2 grids (20.0%)
2026-07-31 08:52:42 [INFO]   Region 2: 2 grids (20.0%)
2026-07-31 08:52:42 [INFO]   Region 3: 1 grids (10.0%)
2026-07-31 08:52:42 [INFO] Building per-region R-Tree hierarchies ...
2026-07-31 08:52:42 [INFO]   Region 0: 4 R-Tree levels, root has 1 groups.
2026-07-31 08:52:42 [INFO]   Region 1: 2 R-Tree levels, root has 1 groups.
2026-07-31 08:52:42 [INFO]   Region 2: 2 R-Tree levels, root has 1 groups.
2026-07-31 08:52:42 [INFO]   Region 3: 1 R-Tree levels, root has 1 groups.
2026-07-31 08:52:42 [INFO] Building HMST attention masks ...
2026-07-31 08:52:42 [INFO]   4 masks built, shape: (10, 10)
2026-07-31 08:52:42 [INFO] Splits: train=6132h  val=1314h  test=1314h
2026-07-31 08:52:42 [INFO] Generating region-swap adaptation dataset ...
2026-07-31 08:52:42 [INFO] Generating preprocessing & adaptation setup figures ...
2026-07-31 08:52:44 [INFO] Preprocessing plots successfully generated and saved to plots/.
2026-07-31 08:52:44 [INFO] Saving data to C:\Users\ss348\Desktop\New folder\runs\20260731_085237\data ...
2026-07-31 08:52:44 [INFO] Preprocessing complete in 6.5s. Run ID: 20260731_085237
2026-07-31 08:52:44 [INFO] Run directory: C:\Users\ss348\Desktop\New folder\runs\20260731_085237
