2026-07-31 08:22:58 [INFO] === run_preprocess.py  run_id=20260731_082258 ===
2026-07-31 08:22:58 [INFO] Config: NUM_GRIDS=10, LOOKBACK=12, BATCH_SIZE=32, K_ROOTS=4
2026-07-31 08:22:58 [INFO] Loading data from C:\Users\ss348\Desktop\New folder\data\2019_hourly_pop_byCHT.parquet ...
2026-07-31 08:22:59 [INFO] Loaded: 2923 grids, 8760 hours.
2026-07-31 08:23:00 [INFO] Cleaning: filter1=28 filter2=93 filter3=42 filter4=849 total_removed=992 remaining=1931
2026-07-31 08:23:00 [INFO] Selected 10 grids from 1931 clean grids.
2026-07-31 08:23:03 [INFO]   Region 0: 5 grids (50.0%)
2026-07-31 08:23:03 [INFO]   Region 1: 2 grids (20.0%)
2026-07-31 08:23:03 [INFO]   Region 2: 2 grids (20.0%)
2026-07-31 08:23:03 [INFO]   Region 3: 1 grids (10.0%)
2026-07-31 08:23:03 [INFO] Building per-region R-Tree hierarchies ...
2026-07-31 08:23:03 [INFO]   Region 0: 4 R-Tree levels, root has 1 groups.
2026-07-31 08:23:03 [INFO]   Region 1: 2 R-Tree levels, root has 1 groups.
2026-07-31 08:23:03 [INFO]   Region 2: 2 R-Tree levels, root has 1 groups.
2026-07-31 08:23:03 [INFO]   Region 3: 1 R-Tree levels, root has 1 groups.
2026-07-31 08:23:03 [INFO] Building HMST attention masks ...
2026-07-31 08:23:03 [INFO]   4 masks built, shape: (10, 10)
2026-07-31 08:23:03 [INFO] Splits: train=6132h  val=1314h  test=1314h
2026-07-31 08:23:03 [INFO] Generating region-swap adaptation dataset ...
2026-07-31 08:23:03 [INFO] Adaptation swap: A=0(5) -> B=1(2) -> C=2(2); 40.0% of grids changed.
2026-07-31 08:23:03 [INFO] Saving data to C:\Users\ss348\Desktop\New folder\runs\20260731_082258\data ...
2026-07-31 08:23:03 [INFO] Preprocessing complete in 5.6s. Run ID: 20260731_082258
2026-07-31 08:23:03 [INFO] Run directory: C:\Users\ss348\Desktop\New folder\runs\20260731_082258
