2026-07-31 16:27:51 [INFO] === results  run_dir=C:\Users\user\Desktop\ansyu_li\tree_former\runs\20260731_143558 ===
2026-07-31 16:27:51 [INFO] 
--- Loading benchmark results ---
2026-07-31 16:27:53 [INFO]   Loaded: Each-Grid LSTM (Small)  MAE=46.5244
2026-07-31 16:27:56 [INFO]   Loaded: Each-Grid LSTM (Base)  MAE=46.4340
2026-07-31 16:27:58 [INFO]   Loaded: Each-Grid LSTM (Large)  MAE=46.3836
2026-07-31 16:28:00 [INFO]   Loaded: All-Grid LSTM (Small)  MAE=52.3424
2026-07-31 16:28:02 [INFO]   Loaded: All-Grid LSTM (Base)  MAE=51.3948
2026-07-31 16:28:05 [INFO]   Loaded: All-Grid LSTM (Large)  MAE=50.4033
2026-07-31 16:28:07 [INFO]   Loaded: All-Grid DLinear (Small)  MAE=59.6337
2026-07-31 16:28:09 [INFO]   Loaded: All-Grid DLinear (Base)  MAE=59.3968
2026-07-31 16:28:12 [INFO]   Loaded: All-Grid DLinear (Large)  MAE=59.9354
2026-07-31 16:28:14 [INFO]   Loaded: All-Grid PatchTST (Base)  MAE=53.8227
2026-07-31 16:28:16 [INFO]   Loaded: All-Grid PatchTST (Large)  MAE=50.7747
2026-07-31 16:28:18 [INFO]   Loaded: All-Grid Reformer (Base)  MAE=52.7106
2026-07-31 16:28:21 [INFO]   Loaded: All-Grid Reformer (Large)  MAE=51.8044
2026-07-31 16:28:23 [INFO]   Loaded: HMST-v2 (Base)  MAE=39.8813
2026-07-31 16:28:25 [INFO]   Loaded: HMST-v2 (Large)  MAE=38.8215
2026-07-31 16:28:25 [INFO]   Saved: benchmark_tradeoffs.png
2026-07-31 16:28:26 [INFO]   Saved: trajectory_case_a_best.png
2026-07-31 16:28:26 [INFO]   Saved: trajectory_case_b_worst.png
2026-07-31 16:28:26 [INFO] 
--- Loading ablation results ---
2026-07-31 16:28:28 [INFO]   Loaded: Full  MAE=37.7989
2026-07-31 16:28:30 [INFO]   Loaded: w/o RevIN  MAE=39.1514
2026-07-31 16:28:33 [INFO]   Loaded: w/o Time Embedding  MAE=39.0000
2026-07-31 16:28:35 [INFO]   Loaded: w/o Spatial Position  MAE=44.1739
2026-07-31 16:28:37 [INFO]   Loaded: w/o R-Tree Mask  MAE=37.7577
2026-07-31 16:28:39 [INFO]   Loaded: Random Mask  MAE=40.6019
2026-07-31 16:28:40 [INFO]   Saved: ablation_bars.png
2026-07-31 16:28:40 [INFO] 
--- Loading adaptation results ---
2026-07-31 16:28:42 [INFO]   Loaded: HMST Zero-Shot  MAE=68.8240
2026-07-31 16:28:44 [INFO]   Loaded: HMST Fine-Tune  MAE=41.9086
2026-07-31 16:28:47 [INFO]   Loaded: Each-Grid LSTM Zero-Shot  MAE=72.0528
2026-07-31 16:28:49 [INFO]   Loaded: Each-Grid LSTM Retrain  MAE=51.1002
2026-07-31 16:28:51 [INFO]   Loaded: All-Grid LSTM Zero-Shot  MAE=52.7106
2026-07-31 16:28:53 [INFO]   Loaded: All-Grid LSTM Retrain  MAE=54.8450
2026-07-31 16:28:56 [INFO]   Loaded: All-Grid DLinear Zero-Shot  MAE=61.8441
2026-07-31 16:28:58 [INFO]   Loaded: All-Grid DLinear Retrain  MAE=64.2130
2026-07-31 16:29:00 [INFO]   Loaded: All-Grid PatchTST Zero-Shot  MAE=53.4291
2026-07-31 16:29:03 [INFO]   Loaded: All-Grid PatchTST Retrain  MAE=56.1525
2026-07-31 16:29:05 [INFO]   Loaded: All-Grid Reformer Zero-Shot  MAE=53.4067
2026-07-31 16:29:07 [INFO]   Loaded: All-Grid Reformer Retrain  MAE=56.1908
2026-07-31 16:29:08 [INFO]   Saved: adapt_trajectory_best.png
2026-07-31 16:29:08 [INFO]   Saved: adapt_trajectory_worst.png
2026-07-31 16:29:08 [INFO]   Saved: adapt_speed_accuracy_scatter.png
2026-07-31 16:29:08 [INFO] 
Summary: 15 benchmark | 6 ablation | 12 adaptation results. Tables -> C:\Users\user\Desktop\ansyu_li\tree_former\runs\20260731_143558\plots\results_tables.md  Plots -> C:\Users\user\Desktop\ansyu_li\tree_former\runs\20260731_143558\plots
2026-07-31 17:19:15 [INFO] === results  run_dir=C:\Users\user\Desktop\ansyu_li\tree_former\runs\20260731_143558 ===
2026-07-31 17:19:15 [INFO] 
--- Loading benchmark results ---
2026-07-31 17:19:17 [INFO]   Loaded: Each-Grid LSTM (Small)  MAE=46.5244
2026-07-31 17:19:19 [INFO]   Loaded: Each-Grid LSTM (Base)  MAE=46.4340
2026-07-31 17:19:21 [INFO]   Loaded: Each-Grid LSTM (Large)  MAE=46.3836
2026-07-31 17:19:24 [INFO]   Loaded: All-Grid LSTM (Small)  MAE=52.3424
2026-07-31 17:19:26 [INFO]   Loaded: All-Grid LSTM (Base)  MAE=51.3948
2026-07-31 17:19:28 [INFO]   Loaded: All-Grid LSTM (Large)  MAE=50.4033
2026-07-31 17:19:31 [INFO]   Loaded: All-Grid DLinear (Small)  MAE=59.6337
2026-07-31 17:19:33 [INFO]   Loaded: All-Grid DLinear (Base)  MAE=59.3968
2026-07-31 17:19:35 [INFO]   Loaded: All-Grid DLinear (Large)  MAE=59.9354
2026-07-31 17:19:37 [INFO]   Loaded: All-Grid PatchTST (Base)  MAE=53.8227
2026-07-31 17:19:40 [INFO]   Loaded: All-Grid PatchTST (Large)  MAE=50.7747
2026-07-31 17:19:42 [INFO]   Loaded: All-Grid Reformer (Base)  MAE=52.7106
2026-07-31 17:19:44 [INFO]   Loaded: All-Grid Reformer (Large)  MAE=51.8044
2026-07-31 17:19:47 [INFO]   Loaded: HMST-v2 (Base)  MAE=39.8813
2026-07-31 17:19:49 [INFO]   Loaded: HMST-v2 (Large)  MAE=38.8215
2026-07-31 17:19:49 [INFO]   Saved: benchmark_tradeoffs.png
2026-07-31 17:22:07 [INFO] === results  run_dir=C:\Users\user\Desktop\ansyu_li\tree_former\runs\20260731_143558 ===
2026-07-31 17:22:07 [INFO] 
--- Loading benchmark results ---
2026-07-31 17:22:09 [INFO]   Loaded: Each-Grid LSTM (Small)  MAE=46.5244
2026-07-31 17:22:12 [INFO]   Loaded: Each-Grid LSTM (Base)  MAE=46.4340
2026-07-31 17:22:14 [INFO]   Loaded: Each-Grid LSTM (Large)  MAE=46.3836
2026-07-31 17:22:16 [INFO]   Loaded: All-Grid LSTM (Small)  MAE=52.3424
2026-07-31 17:22:19 [INFO]   Loaded: All-Grid LSTM (Base)  MAE=51.3948
2026-07-31 17:22:21 [INFO]   Loaded: All-Grid LSTM (Large)  MAE=50.4033
2026-07-31 17:22:23 [INFO]   Loaded: All-Grid DLinear (Small)  MAE=59.6337
2026-07-31 17:22:26 [INFO]   Loaded: All-Grid DLinear (Base)  MAE=59.3968
2026-07-31 17:22:28 [INFO]   Loaded: All-Grid DLinear (Large)  MAE=59.9354
2026-07-31 17:22:30 [INFO]   Loaded: All-Grid PatchTST (Base)  MAE=53.8227
2026-07-31 17:22:32 [INFO]   Loaded: All-Grid PatchTST (Large)  MAE=50.7747
2026-07-31 17:22:35 [INFO]   Loaded: All-Grid Reformer (Base)  MAE=52.7106
2026-07-31 17:22:37 [INFO]   Loaded: All-Grid Reformer (Large)  MAE=51.8044
2026-07-31 17:22:39 [INFO]   Loaded: HMST-v2 (Base)  MAE=39.8813
2026-07-31 17:22:41 [INFO]   Loaded: HMST-v2 (Large)  MAE=38.8215
2026-07-31 17:22:42 [INFO]   Saved: benchmark_tradeoffs.png
2026-07-31 17:25:15 [INFO] === results  run_dir=C:\Users\user\Desktop\ansyu_li\tree_former\runs\20260731_143558 ===
2026-07-31 17:25:15 [INFO] 
--- Loading benchmark results ---
2026-07-31 17:25:17 [INFO]   Loaded: Each-Grid LSTM (Small)  MAE=46.5244
2026-07-31 17:25:19 [INFO]   Loaded: Each-Grid LSTM (Base)  MAE=46.4340
2026-07-31 17:25:22 [INFO]   Loaded: Each-Grid LSTM (Large)  MAE=46.3836
2026-07-31 17:25:24 [INFO]   Loaded: All-Grid LSTM (Small)  MAE=52.3424
2026-07-31 17:25:26 [INFO]   Loaded: All-Grid LSTM (Base)  MAE=51.3948
2026-07-31 17:25:28 [INFO]   Loaded: All-Grid LSTM (Large)  MAE=50.4033
2026-07-31 17:25:31 [INFO]   Loaded: All-Grid DLinear (Small)  MAE=59.6337
2026-07-31 17:25:33 [INFO]   Loaded: All-Grid DLinear (Base)  MAE=59.3968
2026-07-31 17:25:35 [INFO]   Loaded: All-Grid DLinear (Large)  MAE=59.9354
2026-07-31 17:25:38 [INFO]   Loaded: All-Grid PatchTST (Base)  MAE=53.8227
2026-07-31 17:25:40 [INFO]   Loaded: All-Grid PatchTST (Large)  MAE=50.7747
2026-07-31 17:25:42 [INFO]   Loaded: All-Grid Reformer (Base)  MAE=52.7106
2026-07-31 17:25:44 [INFO]   Loaded: All-Grid Reformer (Large)  MAE=51.8044
2026-07-31 17:25:47 [INFO]   Loaded: HMST-v2 (Base)  MAE=39.8813
2026-07-31 17:25:49 [INFO]   Loaded: HMST-v2 (Large)  MAE=38.8215
2026-07-31 17:25:49 [INFO]   Saved: benchmark_tradeoffs.png
2026-07-31 17:25:50 [INFO]   Saved: trajectory_case_a_best.png
2026-07-31 17:25:50 [INFO]   Saved: trajectory_case_b_worst.png
2026-07-31 17:25:50 [INFO] 
--- Loading ablation results ---
2026-07-31 17:25:52 [INFO]   Loaded: Full  MAE=37.7989
2026-07-31 17:25:54 [INFO]   Loaded: w/o RevIN  MAE=39.1514
2026-07-31 17:25:57 [INFO]   Loaded: w/o Time Embedding  MAE=39.0000
2026-07-31 17:25:59 [INFO]   Loaded: w/o Spatial Position  MAE=44.1739
2026-07-31 17:26:01 [INFO]   Loaded: w/o R-Tree Mask  MAE=37.7577
2026-07-31 17:26:04 [INFO]   Loaded: Random Mask  MAE=40.6019
2026-07-31 17:26:04 [INFO]   Saved: ablation_bars.png
2026-07-31 17:26:04 [INFO] 
--- Loading adaptation results ---
2026-07-31 17:26:06 [INFO]   Loaded: HMST Zero-Shot  MAE=68.8240
2026-07-31 17:26:08 [INFO]   Loaded: HMST Fine-Tune  MAE=41.9086
2026-07-31 17:26:10 [INFO]   Loaded: Each-Grid LSTM Zero-Shot  MAE=72.0528
2026-07-31 17:26:13 [INFO]   Loaded: Each-Grid LSTM Retrain  MAE=51.1002
2026-07-31 17:26:15 [INFO]   Loaded: All-Grid LSTM Zero-Shot  MAE=52.7106
2026-07-31 17:26:17 [INFO]   Loaded: All-Grid LSTM Retrain  MAE=54.8450
2026-07-31 17:26:20 [INFO]   Loaded: All-Grid DLinear Zero-Shot  MAE=61.8441
2026-07-31 17:26:22 [INFO]   Loaded: All-Grid DLinear Retrain  MAE=64.2130
2026-07-31 17:26:24 [INFO]   Loaded: All-Grid PatchTST Zero-Shot  MAE=53.4291
2026-07-31 17:26:26 [INFO]   Loaded: All-Grid PatchTST Retrain  MAE=56.1525
2026-07-31 17:26:29 [INFO]   Loaded: All-Grid Reformer Zero-Shot  MAE=53.4067
2026-07-31 17:26:31 [INFO]   Loaded: All-Grid Reformer Retrain  MAE=56.1908
2026-07-31 17:26:31 [INFO]   Saved: adapt_trajectory_best.png
2026-07-31 17:26:31 [INFO]   Saved: adapt_trajectory_worst.png
2026-07-31 17:26:31 [INFO]   Saved: adapt_speed_accuracy_scatter.png
2026-07-31 17:26:31 [INFO] 
Summary: 15 benchmark | 6 ablation | 12 adaptation results. Tables -> C:\Users\user\Desktop\ansyu_li\tree_former\runs\20260731_143558\plots\results_tables.md  Plots -> C:\Users\user\Desktop\ansyu_li\tree_former\runs\20260731_143558\plots
2026-07-31 17:33:23 [INFO]   Loaded: Each-Grid LSTM (Small)  MAE=46.5244
2026-07-31 17:33:25 [INFO]   Loaded: Each-Grid LSTM (Base)  MAE=46.4340
2026-07-31 17:33:27 [INFO]   Loaded: Each-Grid LSTM (Large)  MAE=46.3836
2026-07-31 17:33:29 [INFO]   Loaded: All-Grid LSTM (Small)  MAE=52.3424
2026-07-31 17:33:32 [INFO]   Loaded: All-Grid LSTM (Base)  MAE=51.3948
2026-07-31 17:33:34 [INFO]   Loaded: All-Grid LSTM (Large)  MAE=50.4033
2026-07-31 17:33:36 [INFO]   Loaded: All-Grid DLinear (Small)  MAE=59.6337
2026-07-31 17:33:39 [INFO]   Loaded: All-Grid DLinear (Base)  MAE=59.3968
2026-07-31 17:33:41 [INFO]   Loaded: All-Grid DLinear (Large)  MAE=59.9354
2026-07-31 17:33:43 [INFO]   Loaded: All-Grid PatchTST (Base)  MAE=53.8227
2026-07-31 17:33:46 [INFO]   Loaded: All-Grid PatchTST (Large)  MAE=50.7747
2026-07-31 17:33:48 [INFO]   Loaded: All-Grid Reformer (Base)  MAE=52.7106
2026-07-31 17:33:50 [INFO]   Loaded: All-Grid Reformer (Large)  MAE=51.8044
2026-07-31 17:33:52 [INFO]   Loaded: HMST-v2 (Base)  MAE=39.8813
2026-07-31 17:33:55 [INFO]   Loaded: HMST-v2 (Large)  MAE=38.8215
2026-07-31 17:37:46 [INFO]   Loaded: Each-Grid LSTM (Small)  MAE=46.5244
2026-07-31 17:37:46 [INFO]   Loaded: Each-Grid LSTM (Base)  MAE=46.4340
2026-07-31 17:37:46 [INFO]   Loaded: Each-Grid LSTM (Large)  MAE=46.3836
2026-07-31 17:37:46 [INFO]   Loaded: All-Grid LSTM (Small)  MAE=52.3424
2026-07-31 17:37:46 [INFO]   Loaded: All-Grid LSTM (Base)  MAE=51.3948
2026-07-31 17:37:46 [INFO]   Loaded: All-Grid LSTM (Large)  MAE=50.4033
2026-07-31 17:37:46 [INFO]   Loaded: All-Grid DLinear (Small)  MAE=59.6337
2026-07-31 17:37:46 [INFO]   Loaded: All-Grid DLinear (Base)  MAE=59.3968
2026-07-31 17:37:46 [INFO]   Loaded: All-Grid DLinear (Large)  MAE=59.9354
2026-07-31 17:37:46 [INFO]   Loaded: All-Grid PatchTST (Base)  MAE=53.8227
2026-07-31 17:37:46 [INFO]   Loaded: All-Grid PatchTST (Large)  MAE=50.7747
2026-07-31 17:37:46 [INFO]   Loaded: All-Grid Reformer (Base)  MAE=52.7106
2026-07-31 17:37:46 [INFO]   Loaded: All-Grid Reformer (Large)  MAE=51.8044
2026-07-31 17:37:46 [INFO]   Loaded: HMST-v2 (Base)  MAE=39.8813
2026-07-31 17:37:46 [INFO]   Loaded: HMST-v2 (Large)  MAE=38.8215
2026-07-31 17:37:46 [INFO]   Loaded: Full  MAE=37.7989
2026-07-31 17:37:46 [INFO]   Loaded: w/o RevIN  MAE=39.1514
2026-07-31 17:37:46 [INFO]   Loaded: w/o Time Embedding  MAE=39.0000
2026-07-31 17:37:46 [INFO]   Loaded: w/o Spatial Position  MAE=44.1739
2026-07-31 17:37:46 [INFO]   Loaded: w/o R-Tree Mask  MAE=37.7577
2026-07-31 17:37:46 [INFO]   Loaded: Random Mask  MAE=40.6019
2026-07-31 17:37:47 [INFO]   Loaded: HMST Zero-Shot  MAE=68.8240
2026-07-31 17:37:47 [INFO]   Loaded: HMST Fine-Tune  MAE=41.9086
2026-07-31 17:37:47 [INFO]   Loaded: Each-Grid LSTM Zero-Shot  MAE=72.0528
2026-07-31 17:37:47 [INFO]   Loaded: Each-Grid LSTM Retrain  MAE=51.1002
2026-07-31 17:37:47 [INFO]   Loaded: All-Grid LSTM Zero-Shot  MAE=52.7106
2026-07-31 17:37:47 [INFO]   Loaded: All-Grid LSTM Retrain  MAE=54.8450
2026-07-31 17:37:47 [INFO]   Loaded: All-Grid DLinear Zero-Shot  MAE=61.8441
2026-07-31 17:37:47 [INFO]   Loaded: All-Grid DLinear Retrain  MAE=64.2130
2026-07-31 17:37:47 [INFO]   Loaded: All-Grid PatchTST Zero-Shot  MAE=53.4291
2026-07-31 17:37:47 [INFO]   Loaded: All-Grid PatchTST Retrain  MAE=56.1525
2026-07-31 17:37:47 [INFO]   Loaded: All-Grid Reformer Zero-Shot  MAE=53.4067
2026-07-31 17:37:47 [INFO]   Loaded: All-Grid Reformer Retrain  MAE=56.1908
2026-07-31 17:39:34 [INFO]   Loaded: Each-Grid LSTM (Small)  MAE=46.5244
2026-07-31 17:39:34 [INFO]   Loaded: Each-Grid LSTM (Base)  MAE=46.4340
2026-07-31 17:39:34 [INFO]   Loaded: Each-Grid LSTM (Large)  MAE=46.3836
2026-07-31 17:39:34 [INFO]   Loaded: All-Grid LSTM (Small)  MAE=52.3424
2026-07-31 17:39:34 [INFO]   Loaded: All-Grid LSTM (Base)  MAE=51.3948
2026-07-31 17:39:34 [INFO]   Loaded: All-Grid LSTM (Large)  MAE=50.4033
2026-07-31 17:39:34 [INFO]   Loaded: All-Grid DLinear (Small)  MAE=59.6337
2026-07-31 17:39:34 [INFO]   Loaded: All-Grid DLinear (Base)  MAE=59.3968
2026-07-31 17:39:34 [INFO]   Loaded: All-Grid DLinear (Large)  MAE=59.9354
2026-07-31 17:39:34 [INFO]   Loaded: All-Grid PatchTST (Base)  MAE=53.8227
2026-07-31 17:39:34 [INFO]   Loaded: All-Grid PatchTST (Large)  MAE=50.7747
2026-07-31 17:39:34 [INFO]   Loaded: All-Grid Reformer (Base)  MAE=52.7106
2026-07-31 17:39:35 [INFO]   Loaded: All-Grid Reformer (Large)  MAE=51.8044
2026-07-31 17:39:35 [INFO]   Loaded: HMST-v2 (Base)  MAE=39.8813
2026-07-31 17:39:35 [INFO]   Loaded: HMST-v2 (Large)  MAE=38.8215
2026-07-31 17:39:35 [INFO]   Loaded: Full  MAE=37.7989
2026-07-31 17:39:35 [INFO]   Loaded: w/o RevIN  MAE=39.1514
2026-07-31 17:39:35 [INFO]   Loaded: w/o Time Embedding  MAE=39.0000
2026-07-31 17:39:35 [INFO]   Loaded: w/o Spatial Position  MAE=44.1739
2026-07-31 17:39:35 [INFO]   Loaded: w/o R-Tree Mask  MAE=37.7577
2026-07-31 17:39:35 [INFO]   Loaded: Random Mask  MAE=40.6019
2026-07-31 17:39:35 [INFO]   Loaded: HMST Zero-Shot  MAE=68.8240
2026-07-31 17:39:35 [INFO]   Loaded: HMST Fine-Tune  MAE=41.9086
2026-07-31 17:39:35 [INFO]   Loaded: Each-Grid LSTM Zero-Shot  MAE=72.0528
2026-07-31 17:39:35 [INFO]   Loaded: Each-Grid LSTM Retrain  MAE=51.1002
2026-07-31 17:39:35 [INFO]   Loaded: All-Grid LSTM Zero-Shot  MAE=52.7106
2026-07-31 17:39:35 [INFO]   Loaded: All-Grid LSTM Retrain  MAE=54.8450
2026-07-31 17:39:35 [INFO]   Loaded: All-Grid DLinear Zero-Shot  MAE=61.8441
2026-07-31 17:39:35 [INFO]   Loaded: All-Grid DLinear Retrain  MAE=64.2130
2026-07-31 17:39:35 [INFO]   Loaded: All-Grid PatchTST Zero-Shot  MAE=53.4291
2026-07-31 17:39:35 [INFO]   Loaded: All-Grid PatchTST Retrain  MAE=56.1525
2026-07-31 17:39:35 [INFO]   Loaded: All-Grid Reformer Zero-Shot  MAE=53.4067
2026-07-31 17:39:35 [INFO]   Loaded: All-Grid Reformer Retrain  MAE=56.1908
2026-07-31 17:41:51 [INFO]   Loaded: Each-Grid LSTM (Small)  MAE=46.5244
2026-07-31 17:41:51 [INFO]   Loaded: Each-Grid LSTM (Base)  MAE=46.4340
2026-07-31 17:41:51 [INFO]   Loaded: Each-Grid LSTM (Large)  MAE=46.3836
2026-07-31 17:41:51 [INFO]   Loaded: All-Grid LSTM (Small)  MAE=52.3424
2026-07-31 17:41:51 [INFO]   Loaded: All-Grid LSTM (Base)  MAE=51.3948
2026-07-31 17:41:51 [INFO]   Loaded: All-Grid LSTM (Large)  MAE=50.4033
2026-07-31 17:41:51 [INFO]   Loaded: All-Grid DLinear (Small)  MAE=59.6337
2026-07-31 17:41:51 [INFO]   Loaded: All-Grid DLinear (Base)  MAE=59.3968
2026-07-31 17:41:51 [INFO]   Loaded: All-Grid DLinear (Large)  MAE=59.9354
2026-07-31 17:41:51 [INFO]   Loaded: All-Grid PatchTST (Base)  MAE=53.8227
2026-07-31 17:41:51 [INFO]   Loaded: All-Grid PatchTST (Large)  MAE=50.7747
2026-07-31 17:41:51 [INFO]   Loaded: All-Grid Reformer (Base)  MAE=52.7106
2026-07-31 17:41:51 [INFO]   Loaded: All-Grid Reformer (Large)  MAE=51.8044
2026-07-31 17:41:51 [INFO]   Loaded: HMST-v2 (Base)  MAE=39.8813
2026-07-31 17:41:51 [INFO]   Loaded: HMST-v2 (Large)  MAE=38.8215
2026-07-31 17:41:51 [INFO]   Loaded: Full  MAE=37.7989
2026-07-31 17:41:51 [INFO]   Loaded: w/o RevIN  MAE=39.1514
2026-07-31 17:41:51 [INFO]   Loaded: w/o Time Embedding  MAE=39.0000
2026-07-31 17:41:51 [INFO]   Loaded: w/o Spatial Position  MAE=44.1739
2026-07-31 17:41:51 [INFO]   Loaded: w/o R-Tree Mask  MAE=37.7577
2026-07-31 17:41:51 [INFO]   Loaded: Random Mask  MAE=40.6019
2026-07-31 17:41:51 [INFO]   Loaded: HMST Zero-Shot  MAE=68.8240
2026-07-31 17:41:51 [INFO]   Loaded: HMST Fine-Tune  MAE=41.9086
2026-07-31 17:41:51 [INFO]   Loaded: Each-Grid LSTM Zero-Shot  MAE=72.0528
2026-07-31 17:41:52 [INFO]   Loaded: Each-Grid LSTM Retrain  MAE=51.1002
2026-07-31 17:41:52 [INFO]   Loaded: All-Grid LSTM Zero-Shot  MAE=52.7106
2026-07-31 17:41:52 [INFO]   Loaded: All-Grid LSTM Retrain  MAE=54.8450
2026-07-31 17:41:52 [INFO]   Loaded: All-Grid DLinear Zero-Shot  MAE=61.8441
2026-07-31 17:41:52 [INFO]   Loaded: All-Grid DLinear Retrain  MAE=64.2130
2026-07-31 17:41:52 [INFO]   Loaded: All-Grid PatchTST Zero-Shot  MAE=53.4291
2026-07-31 17:41:52 [INFO]   Loaded: All-Grid PatchTST Retrain  MAE=56.1525
2026-07-31 17:41:52 [INFO]   Loaded: All-Grid Reformer Zero-Shot  MAE=53.4067
2026-07-31 17:41:52 [INFO]   Loaded: All-Grid Reformer Retrain  MAE=56.1908
2026-07-31 17:47:45 [INFO]   Loaded: Each-Grid LSTM (Small)  MAE=46.5244
2026-07-31 17:47:45 [INFO]   Loaded: Each-Grid LSTM (Base)  MAE=46.4340
2026-07-31 17:47:45 [INFO]   Loaded: Each-Grid LSTM (Large)  MAE=46.3836
2026-07-31 17:47:45 [INFO]   Loaded: All-Grid LSTM (Small)  MAE=52.3424
2026-07-31 17:47:45 [INFO]   Loaded: All-Grid LSTM (Base)  MAE=51.3948
2026-07-31 17:47:45 [INFO]   Loaded: All-Grid LSTM (Large)  MAE=50.4033
2026-07-31 17:47:45 [INFO]   Loaded: All-Grid DLinear (Small)  MAE=59.6337
2026-07-31 17:47:45 [INFO]   Loaded: All-Grid DLinear (Base)  MAE=59.3968
2026-07-31 17:47:45 [INFO]   Loaded: All-Grid DLinear (Large)  MAE=59.9354
2026-07-31 17:47:45 [INFO]   Loaded: All-Grid PatchTST (Base)  MAE=53.8227
2026-07-31 17:47:45 [INFO]   Loaded: All-Grid PatchTST (Large)  MAE=50.7747
2026-07-31 17:47:45 [INFO]   Loaded: All-Grid Reformer (Base)  MAE=52.7106
2026-07-31 17:47:45 [INFO]   Loaded: All-Grid Reformer (Large)  MAE=51.8044
2026-07-31 17:47:45 [INFO]   Loaded: HMST-v2 (Base)  MAE=39.8813
2026-07-31 17:47:45 [INFO]   Loaded: HMST-v2 (Large)  MAE=38.8215
2026-07-31 17:47:46 [INFO]   Loaded: Full  MAE=37.7989
2026-07-31 17:47:46 [INFO]   Loaded: w/o RevIN  MAE=39.1514
2026-07-31 17:47:46 [INFO]   Loaded: w/o Time Embedding  MAE=39.0000
2026-07-31 17:47:46 [INFO]   Loaded: w/o Spatial Position  MAE=44.1739
2026-07-31 17:47:46 [INFO]   Loaded: w/o R-Tree Mask  MAE=37.7577
2026-07-31 17:47:46 [INFO]   Loaded: Random Mask  MAE=40.6019
2026-07-31 17:47:46 [INFO]   Loaded: HMST Zero-Shot  MAE=68.8240
2026-07-31 17:47:46 [INFO]   Loaded: HMST Fine-Tune  MAE=41.9086
2026-07-31 17:47:46 [INFO]   Loaded: Each-Grid LSTM Zero-Shot  MAE=72.0528
2026-07-31 17:47:46 [INFO]   Loaded: Each-Grid LSTM Retrain  MAE=51.1002
2026-07-31 17:47:46 [INFO]   Loaded: All-Grid LSTM Zero-Shot  MAE=52.7106
2026-07-31 17:47:46 [INFO]   Loaded: All-Grid LSTM Retrain  MAE=54.8450
2026-07-31 17:47:46 [INFO]   Loaded: All-Grid DLinear Zero-Shot  MAE=61.8441
2026-07-31 17:47:46 [INFO]   Loaded: All-Grid DLinear Retrain  MAE=64.2130
2026-07-31 17:47:46 [INFO]   Loaded: All-Grid PatchTST Zero-Shot  MAE=53.4291
2026-07-31 17:47:46 [INFO]   Loaded: All-Grid PatchTST Retrain  MAE=56.1525
2026-07-31 17:47:46 [INFO]   Loaded: All-Grid Reformer Zero-Shot  MAE=53.4067
2026-07-31 17:47:46 [INFO]   Loaded: All-Grid Reformer Retrain  MAE=56.1908
2026-07-31 17:49:36 [INFO]   Loaded: Each-Grid LSTM (Small)  MAE=46.5244
2026-07-31 17:49:36 [INFO]   Loaded: Each-Grid LSTM (Base)  MAE=46.4340
2026-07-31 17:49:36 [INFO]   Loaded: Each-Grid LSTM (Large)  MAE=46.3836
2026-07-31 17:49:36 [INFO]   Loaded: All-Grid LSTM (Small)  MAE=52.3424
2026-07-31 17:49:36 [INFO]   Loaded: All-Grid LSTM (Base)  MAE=51.3948
2026-07-31 17:49:36 [INFO]   Loaded: All-Grid LSTM (Large)  MAE=50.4033
2026-07-31 17:49:36 [INFO]   Loaded: All-Grid DLinear (Small)  MAE=59.6337
2026-07-31 17:49:36 [INFO]   Loaded: All-Grid DLinear (Base)  MAE=59.3968
2026-07-31 17:49:36 [INFO]   Loaded: All-Grid DLinear (Large)  MAE=59.9354
2026-07-31 17:49:36 [INFO]   Loaded: All-Grid PatchTST (Base)  MAE=53.8227
2026-07-31 17:49:36 [INFO]   Loaded: All-Grid PatchTST (Large)  MAE=50.7747
2026-07-31 17:49:36 [INFO]   Loaded: All-Grid Reformer (Base)  MAE=52.7106
2026-07-31 17:49:36 [INFO]   Loaded: All-Grid Reformer (Large)  MAE=51.8044
2026-07-31 17:49:36 [INFO]   Loaded: HMST-v2 (Base)  MAE=39.8813
2026-07-31 17:49:36 [INFO]   Loaded: HMST-v2 (Large)  MAE=38.8215
2026-07-31 17:49:36 [INFO]   Loaded: Full  MAE=37.7989
2026-07-31 17:49:36 [INFO]   Loaded: w/o RevIN  MAE=39.1514
2026-07-31 17:49:36 [INFO]   Loaded: w/o Time Embedding  MAE=39.0000
2026-07-31 17:49:36 [INFO]   Loaded: w/o Spatial Position  MAE=44.1739
2026-07-31 17:49:36 [INFO]   Loaded: Random Mask  MAE=40.6019
2026-07-31 17:49:36 [INFO]   Loaded: HMST Zero-Shot  MAE=68.8240
2026-07-31 17:49:36 [INFO]   Loaded: HMST Fine-Tune  MAE=41.9086
2026-07-31 17:49:36 [INFO]   Loaded: Each-Grid LSTM Zero-Shot  MAE=72.0528
2026-07-31 17:49:36 [INFO]   Loaded: Each-Grid LSTM Retrain  MAE=51.1002
2026-07-31 17:49:36 [INFO]   Loaded: All-Grid LSTM Zero-Shot  MAE=52.7106
2026-07-31 17:49:36 [INFO]   Loaded: All-Grid LSTM Retrain  MAE=54.8450
2026-07-31 17:49:37 [INFO]   Loaded: All-Grid DLinear Zero-Shot  MAE=61.8441
2026-07-31 17:49:37 [INFO]   Loaded: All-Grid DLinear Retrain  MAE=64.2130
2026-07-31 17:49:37 [INFO]   Loaded: All-Grid PatchTST Zero-Shot  MAE=53.4291
2026-07-31 17:49:37 [INFO]   Loaded: All-Grid PatchTST Retrain  MAE=56.1525
2026-07-31 17:49:37 [INFO]   Loaded: All-Grid Reformer Zero-Shot  MAE=53.4067
2026-07-31 17:49:37 [INFO]   Loaded: All-Grid Reformer Retrain  MAE=56.1908
2026-07-31 17:49:44 [INFO]   Loaded: Each-Grid LSTM (Small)  MAE=46.5244
2026-07-31 17:49:44 [INFO]   Loaded: Each-Grid LSTM (Base)  MAE=46.4340
2026-07-31 17:49:44 [INFO]   Loaded: Each-Grid LSTM (Large)  MAE=46.3836
2026-07-31 17:49:44 [INFO]   Loaded: All-Grid LSTM (Small)  MAE=52.3424
2026-07-31 17:49:44 [INFO]   Loaded: All-Grid LSTM (Base)  MAE=51.3948
2026-07-31 17:49:44 [INFO]   Loaded: All-Grid LSTM (Large)  MAE=50.4033
2026-07-31 17:49:44 [INFO]   Loaded: All-Grid DLinear (Small)  MAE=59.6337
2026-07-31 17:49:44 [INFO]   Loaded: All-Grid DLinear (Base)  MAE=59.3968
2026-07-31 17:49:44 [INFO]   Loaded: All-Grid DLinear (Large)  MAE=59.9354
2026-07-31 17:49:44 [INFO]   Loaded: All-Grid PatchTST (Base)  MAE=53.8227
2026-07-31 17:49:44 [INFO]   Loaded: All-Grid PatchTST (Large)  MAE=50.7747
2026-07-31 17:49:44 [INFO]   Loaded: All-Grid Reformer (Base)  MAE=52.7106
2026-07-31 17:49:44 [INFO]   Loaded: All-Grid Reformer (Large)  MAE=51.8044
2026-07-31 17:49:44 [INFO]   Loaded: HMST-v2 (Base)  MAE=39.8813
2026-07-31 17:49:44 [INFO]   Loaded: HMST-v2 (Large)  MAE=38.8215
2026-07-31 17:49:45 [INFO]   Loaded: Full  MAE=37.7989
2026-07-31 17:49:45 [INFO]   Loaded: w/o RevIN  MAE=39.1514
2026-07-31 17:49:45 [INFO]   Loaded: w/o Time Embedding  MAE=39.0000
2026-07-31 17:49:45 [INFO]   Loaded: w/o Spatial Position  MAE=44.1739
2026-07-31 17:49:45 [INFO]   Loaded: Random Mask  MAE=40.6019
2026-07-31 17:49:45 [INFO]   Loaded: HMST Zero-Shot  MAE=68.8240
2026-07-31 17:49:45 [INFO]   Loaded: HMST Fine-Tune  MAE=41.9086
2026-07-31 17:49:45 [INFO]   Loaded: Each-Grid LSTM Zero-Shot  MAE=72.0528
2026-07-31 17:49:45 [INFO]   Loaded: Each-Grid LSTM Retrain  MAE=51.1002
2026-07-31 17:49:45 [INFO]   Loaded: All-Grid LSTM Zero-Shot  MAE=52.7106
2026-07-31 17:49:45 [INFO]   Loaded: All-Grid LSTM Retrain  MAE=54.8450
2026-07-31 17:49:45 [INFO]   Loaded: All-Grid DLinear Zero-Shot  MAE=61.8441
2026-07-31 17:49:45 [INFO]   Loaded: All-Grid DLinear Retrain  MAE=64.2130
2026-07-31 17:49:45 [INFO]   Loaded: All-Grid PatchTST Zero-Shot  MAE=53.4291
2026-07-31 17:49:45 [INFO]   Loaded: All-Grid PatchTST Retrain  MAE=56.1525
2026-07-31 17:49:45 [INFO]   Loaded: All-Grid Reformer Zero-Shot  MAE=53.4067
2026-07-31 17:49:45 [INFO]   Loaded: All-Grid Reformer Retrain  MAE=56.1908
2026-07-31 22:01:48 [INFO] === results  run_dir=C:\Users\ss348\Desktop\New folder\runs\20260731_143558 ===
2026-07-31 22:01:48 [INFO] 
--- Loading benchmark results ---
2026-07-31 22:01:52 [INFO]   Loaded: Each-Grid LSTM (Small)  MAE=46.5244
2026-07-31 22:01:56 [INFO]   Loaded: Each-Grid LSTM (Base)  MAE=46.4340
2026-07-31 22:01:58 [INFO] === results  run_dir=C:\Users\ss348\Desktop\New folder\runs\20260731_143558 ===
2026-07-31 22:01:58 [INFO] 
--- Loading benchmark results ---
2026-07-31 22:02:00 [INFO]   Loaded: Each-Grid LSTM (Large)  MAE=46.3836
2026-07-31 22:02:02 [INFO]   Loaded: Each-Grid LSTM (Small)  MAE=46.5244
2026-07-31 22:02:04 [INFO]   Loaded: All-Grid LSTM (Small)  MAE=52.3424
2026-07-31 22:02:06 [INFO]   Loaded: Each-Grid LSTM (Base)  MAE=46.4340
2026-07-31 22:02:08 [INFO]   Loaded: All-Grid LSTM (Base)  MAE=51.3948
2026-07-31 22:02:10 [INFO]   Loaded: Each-Grid LSTM (Large)  MAE=46.3836
2026-07-31 22:02:12 [INFO]   Loaded: All-Grid LSTM (Large)  MAE=50.4033
2026-07-31 22:02:14 [INFO]   Loaded: All-Grid LSTM (Small)  MAE=52.3424
2026-07-31 22:02:16 [INFO]   Loaded: All-Grid DLinear (Small)  MAE=59.6337
2026-07-31 22:02:18 [INFO]   Loaded: All-Grid LSTM (Base)  MAE=51.3948
2026-07-31 22:02:20 [INFO]   Loaded: All-Grid DLinear (Base)  MAE=59.3968
2026-07-31 22:02:23 [INFO]   Loaded: All-Grid LSTM (Large)  MAE=50.4033
2026-07-31 22:02:24 [INFO]   Loaded: All-Grid DLinear (Large)  MAE=59.9354
2026-07-31 22:02:27 [INFO]   Loaded: All-Grid DLinear (Small)  MAE=59.6337
2026-07-31 22:02:28 [INFO]   Loaded: All-Grid PatchTST (Base)  MAE=53.8227
2026-07-31 22:02:30 [INFO]   Loaded: All-Grid DLinear (Base)  MAE=59.3968
2026-07-31 22:02:32 [INFO]   Loaded: All-Grid PatchTST (Large)  MAE=50.7747
2026-07-31 22:02:35 [INFO]   Loaded: All-Grid DLinear (Large)  MAE=59.9354
2026-07-31 22:02:37 [INFO]   Loaded: All-Grid Reformer (Base)  MAE=52.7106
2026-07-31 22:02:39 [INFO]   Loaded: All-Grid PatchTST (Base)  MAE=53.8227
2026-07-31 22:02:41 [INFO]   Loaded: All-Grid Reformer (Large)  MAE=51.8044
2026-07-31 22:02:43 [INFO]   Loaded: All-Grid PatchTST (Large)  MAE=50.7747
2026-07-31 22:02:45 [INFO]   Loaded: HMST-v2 (Base)  MAE=39.8813
2026-07-31 22:02:47 [INFO]   Loaded: All-Grid Reformer (Base)  MAE=52.7106
2026-07-31 22:02:49 [INFO]   Loaded: HMST-v2 (Large)  MAE=38.8215
2026-07-31 22:02:50 [INFO]   Saved: benchmark_tradeoffs.png
2026-07-31 22:02:50 [INFO]   Saved: trajectory_case_a_best.png
2026-07-31 22:02:50 [INFO]   Saved: trajectory_case_b_worst.png
2026-07-31 22:02:50 [INFO] 
--- Loading ablation results ---
2026-07-31 22:02:52 [INFO]   Loaded: All-Grid Reformer (Large)  MAE=51.8044
2026-07-31 22:02:54 [INFO]   Loaded: Full  MAE=37.7989
2026-07-31 22:02:56 [INFO]   Loaded: HMST-v2 (Base)  MAE=39.8813
2026-07-31 22:02:58 [INFO]   Loaded: w/o RevIN  MAE=39.1514
2026-07-31 22:03:00 [INFO]   Loaded: HMST-v2 (Large)  MAE=38.8215
2026-07-31 22:03:01 [INFO]   Saved: benchmark_tradeoffs.png
2026-07-31 22:03:01 [INFO]   Saved: trajectory_case_a_best.png
2026-07-31 22:03:01 [INFO]   Saved: trajectory_case_b_worst.png
2026-07-31 22:03:01 [INFO] 
--- Loading ablation results ---
2026-07-31 22:03:03 [INFO]   Loaded: w/o Time Embedding  MAE=39.0000
2026-07-31 22:03:06 [INFO]   Loaded: Full  MAE=37.7989
2026-07-31 22:03:07 [INFO]   Loaded: w/o Spatial Position  MAE=44.1739
2026-07-31 22:03:10 [INFO]   Loaded: w/o RevIN  MAE=39.1514
2026-07-31 22:03:11 [INFO]   Loaded: w/o R-Tree Mask  MAE=37.7577
2026-07-31 22:03:14 [INFO]   Loaded: w/o Time Embedding  MAE=39.0000
2026-07-31 22:03:15 [INFO]   Loaded: Random Mask  MAE=40.6019
2026-07-31 22:03:16 [INFO]   Saved: ablation_bars.png
2026-07-31 22:03:16 [INFO] 
--- Loading adaptation results ---
2026-07-31 22:03:18 [INFO]   Loaded: w/o Spatial Position  MAE=44.1739
2026-07-31 22:03:20 [INFO]   Loaded: HMST Zero-Shot  MAE=68.8240
2026-07-31 22:03:22 [INFO]   Loaded: w/o R-Tree Mask  MAE=37.7577
2026-07-31 22:03:24 [INFO]   Loaded: HMST Fine-Tune  MAE=41.9086
2026-07-31 22:03:26 [INFO]   Loaded: Random Mask  MAE=40.6019
2026-07-31 22:03:26 [INFO]   Saved: ablation_bars.png
2026-07-31 22:03:26 [INFO] 
--- Loading adaptation results ---
2026-07-31 22:03:28 [INFO]   Loaded: Each-Grid LSTM Zero-Shot  MAE=72.0528
2026-07-31 22:03:30 [INFO]   Loaded: HMST Zero-Shot  MAE=68.8240
2026-07-31 22:03:32 [INFO]   Loaded: Each-Grid LSTM Retrain  MAE=51.1002
2026-07-31 22:03:34 [INFO]   Loaded: HMST Fine-Tune  MAE=41.9086
2026-07-31 22:03:36 [INFO]   Loaded: All-Grid LSTM Zero-Shot  MAE=52.7106
2026-07-31 22:03:38 [INFO]   Loaded: Each-Grid LSTM Zero-Shot  MAE=72.0528
2026-07-31 22:03:42 [INFO]   Loaded: Each-Grid LSTM Retrain  MAE=51.1002
2026-07-31 22:03:44 [INFO]   Loaded: Each-Grid LSTM (Small)  MAE=46.5244
2026-07-31 22:03:44 [INFO]   Loaded: Each-Grid LSTM (Base)  MAE=46.4340
2026-07-31 22:03:44 [INFO]   Loaded: Each-Grid LSTM (Large)  MAE=46.3836
2026-07-31 22:03:45 [INFO]   Loaded: All-Grid LSTM (Small)  MAE=52.3424
2026-07-31 22:03:45 [INFO]   Loaded: All-Grid LSTM (Base)  MAE=51.3948
2026-07-31 22:03:45 [INFO]   Loaded: All-Grid LSTM (Large)  MAE=50.4033
2026-07-31 22:03:45 [INFO]   Loaded: All-Grid DLinear (Small)  MAE=59.6337
2026-07-31 22:03:45 [INFO]   Loaded: All-Grid DLinear (Base)  MAE=59.3968
2026-07-31 22:03:45 [INFO]   Loaded: All-Grid DLinear (Large)  MAE=59.9354
2026-07-31 22:03:45 [INFO]   Loaded: All-Grid PatchTST (Base)  MAE=53.8227
2026-07-31 22:03:45 [INFO]   Loaded: All-Grid PatchTST (Large)  MAE=50.7747
2026-07-31 22:03:45 [INFO]   Loaded: All-Grid Reformer (Base)  MAE=52.7106
2026-07-31 22:03:45 [INFO]   Loaded: All-Grid Reformer (Large)  MAE=51.8044
2026-07-31 22:03:45 [INFO]   Loaded: HMST-v2 (Base)  MAE=39.8813
2026-07-31 22:03:45 [INFO]   Loaded: HMST-v2 (Large)  MAE=38.8215
2026-07-31 22:03:45 [INFO]   Loaded: Full  MAE=37.7989
2026-07-31 22:03:46 [INFO]   Loaded: w/o RevIN  MAE=39.1514
2026-07-31 22:03:46 [INFO]   Loaded: w/o Time Embedding  MAE=39.0000
2026-07-31 22:03:46 [INFO]   Loaded: w/o Spatial Position  MAE=44.1739
2026-07-31 22:03:46 [INFO]   Loaded: Random Mask  MAE=40.6019
2026-07-31 22:03:46 [INFO]   Loaded: HMST Zero-Shot  MAE=68.8240
2026-07-31 22:03:46 [INFO]   Loaded: HMST Fine-Tune  MAE=41.9086
2026-07-31 22:03:46 [INFO]   Loaded: Each-Grid LSTM Zero-Shot  MAE=72.0528
2026-07-31 22:03:46 [INFO]   Loaded: Each-Grid LSTM Retrain  MAE=51.1002
2026-07-31 22:03:46 [INFO]   Loaded: All-Grid LSTM Zero-Shot  MAE=52.7106
2026-07-31 22:03:46 [INFO]   Loaded: All-Grid LSTM Retrain  MAE=54.8450
2026-07-31 22:03:46 [INFO]   Loaded: All-Grid DLinear Zero-Shot  MAE=61.8441
2026-07-31 22:03:46 [INFO]   Loaded: All-Grid DLinear Retrain  MAE=64.2130
2026-07-31 22:03:46 [INFO]   Loaded: All-Grid PatchTST Zero-Shot  MAE=53.4291
2026-07-31 22:03:46 [INFO]   Loaded: All-Grid PatchTST Retrain  MAE=56.1525
2026-07-31 22:03:46 [INFO]   Loaded: All-Grid Reformer Zero-Shot  MAE=53.4067
2026-07-31 22:03:46 [INFO]   Loaded: All-Grid Reformer Retrain  MAE=56.1908
2026-07-31 22:03:46 [INFO]   Loaded: All-Grid LSTM Zero-Shot  MAE=52.7106
2026-07-31 22:03:50 [INFO]   Loaded: All-Grid LSTM Retrain  MAE=54.8450
2026-07-31 22:03:54 [INFO]   Loaded: All-Grid DLinear Zero-Shot  MAE=61.8441
2026-07-31 22:03:58 [INFO]   Loaded: All-Grid DLinear Retrain  MAE=64.2130
2026-07-31 22:04:02 [INFO]   Loaded: All-Grid PatchTST Zero-Shot  MAE=53.4291
2026-07-31 22:04:05 [INFO]   Loaded: All-Grid PatchTST Retrain  MAE=56.1525
2026-07-31 22:04:09 [INFO]   Loaded: All-Grid Reformer Zero-Shot  MAE=53.4067
2026-07-31 22:04:13 [INFO]   Loaded: All-Grid Reformer Retrain  MAE=56.1908
2026-07-31 22:04:13 [INFO]   Saved: adapt_trajectory_best.png
2026-07-31 22:04:13 [INFO]   Saved: adapt_trajectory_worst.png
2026-07-31 22:04:14 [INFO]   Saved: adapt_speed_accuracy_scatter.png
2026-07-31 22:04:14 [INFO] 
Summary: 15 benchmark | 6 ablation | 12 adaptation results. Tables -> C:\Users\ss348\Desktop\New folder\runs\20260731_143558\plots\results_tables.md  Plots -> C:\Users\ss348\Desktop\New folder\runs\20260731_143558\plots
2026-07-31 22:05:06 [INFO]   Loaded: Each-Grid LSTM (Small)  MAE=46.5244
2026-07-31 22:05:06 [INFO]   Loaded: Each-Grid LSTM (Base)  MAE=46.4340
2026-07-31 22:05:06 [INFO]   Loaded: Each-Grid LSTM (Large)  MAE=46.3836
2026-07-31 22:05:06 [INFO]   Loaded: All-Grid LSTM (Small)  MAE=52.3424
2026-07-31 22:05:06 [INFO]   Loaded: All-Grid LSTM (Base)  MAE=51.3948
2026-07-31 22:05:06 [INFO]   Loaded: All-Grid LSTM (Large)  MAE=50.4033
2026-07-31 22:05:06 [INFO]   Loaded: All-Grid DLinear (Small)  MAE=59.6337
2026-07-31 22:05:06 [INFO]   Loaded: All-Grid DLinear (Base)  MAE=59.3968
2026-07-31 22:05:06 [INFO]   Loaded: All-Grid DLinear (Large)  MAE=59.9354
2026-07-31 22:05:06 [INFO]   Loaded: All-Grid PatchTST (Base)  MAE=53.8227
2026-07-31 22:05:06 [INFO]   Loaded: All-Grid PatchTST (Large)  MAE=50.7747
2026-07-31 22:05:06 [INFO]   Loaded: All-Grid Reformer (Base)  MAE=52.7106
2026-07-31 22:05:06 [INFO]   Loaded: All-Grid Reformer (Large)  MAE=51.8044
2026-07-31 22:05:06 [INFO]   Loaded: HMST-v2 (Base)  MAE=39.8813
2026-07-31 22:05:06 [INFO]   Loaded: HMST-v2 (Large)  MAE=38.8215
2026-07-31 22:05:07 [INFO]   Loaded: Full  MAE=37.7989
2026-07-31 22:05:07 [INFO]   Loaded: w/o RevIN  MAE=39.1514
2026-07-31 22:05:07 [INFO]   Loaded: w/o Time Embedding  MAE=39.0000
2026-07-31 22:05:07 [INFO]   Loaded: w/o Spatial Position  MAE=44.1739
2026-07-31 22:05:07 [INFO]   Loaded: Random Mask  MAE=40.6019
2026-07-31 22:05:07 [INFO]   Loaded: HMST Zero-Shot  MAE=68.8240
2026-07-31 22:05:07 [INFO]   Loaded: HMST Fine-Tune  MAE=41.9086
2026-07-31 22:05:07 [INFO]   Loaded: Each-Grid LSTM Zero-Shot  MAE=72.0528
2026-07-31 22:05:07 [INFO]   Loaded: Each-Grid LSTM Retrain  MAE=51.1002
2026-07-31 22:05:07 [INFO]   Loaded: All-Grid LSTM Zero-Shot  MAE=52.7106
2026-07-31 22:05:07 [INFO]   Loaded: All-Grid LSTM Retrain  MAE=54.8450
2026-07-31 22:05:07 [INFO]   Loaded: All-Grid DLinear Zero-Shot  MAE=61.8441
2026-07-31 22:05:07 [INFO]   Loaded: All-Grid DLinear Retrain  MAE=64.2130
2026-07-31 22:05:07 [INFO]   Loaded: All-Grid PatchTST Zero-Shot  MAE=53.4291
2026-07-31 22:05:07 [INFO]   Loaded: All-Grid PatchTST Retrain  MAE=56.1525
2026-07-31 22:05:07 [INFO]   Loaded: All-Grid Reformer Zero-Shot  MAE=53.4067
2026-07-31 22:05:07 [INFO]   Loaded: All-Grid Reformer Retrain  MAE=56.1908
2026-07-31 22:08:31 [INFO]   Loaded: Each-Grid LSTM (Small)  MAE=46.5244
2026-07-31 22:08:31 [INFO]   Loaded: Each-Grid LSTM (Base)  MAE=46.4340
2026-07-31 22:08:31 [INFO]   Loaded: Each-Grid LSTM (Large)  MAE=46.3836
2026-07-31 22:08:31 [INFO]   Loaded: All-Grid LSTM (Small)  MAE=52.3424
2026-07-31 22:08:31 [INFO]   Loaded: All-Grid LSTM (Base)  MAE=51.3948
2026-07-31 22:08:31 [INFO]   Loaded: All-Grid LSTM (Large)  MAE=50.4033
2026-07-31 22:08:31 [INFO]   Loaded: All-Grid DLinear (Small)  MAE=59.6337
2026-07-31 22:08:31 [INFO]   Loaded: All-Grid DLinear (Base)  MAE=59.3968
2026-07-31 22:08:31 [INFO]   Loaded: All-Grid DLinear (Large)  MAE=59.9354
2026-07-31 22:08:31 [INFO]   Loaded: All-Grid PatchTST (Base)  MAE=53.8227
2026-07-31 22:08:31 [INFO]   Loaded: All-Grid PatchTST (Large)  MAE=50.7747
2026-07-31 22:08:31 [INFO]   Loaded: All-Grid Reformer (Base)  MAE=52.7106
2026-07-31 22:08:31 [INFO]   Loaded: All-Grid Reformer (Large)  MAE=51.8044
2026-07-31 22:08:31 [INFO]   Loaded: HMST-v2 (Base)  MAE=39.8813
2026-07-31 22:08:31 [INFO]   Loaded: HMST-v2 (Large)  MAE=38.8215
2026-07-31 22:08:32 [INFO]   Loaded: Full  MAE=37.7989
2026-07-31 22:08:32 [INFO]   Loaded: w/o RevIN  MAE=39.1514
2026-07-31 22:08:32 [INFO]   Loaded: w/o Time Embedding  MAE=39.0000
2026-07-31 22:08:32 [INFO]   Loaded: w/o Spatial Position  MAE=44.1739
2026-07-31 22:08:32 [INFO]   Loaded: Random Mask  MAE=40.6019
2026-07-31 22:08:32 [INFO]   Loaded: HMST Zero-Shot  MAE=68.8240
2026-07-31 22:08:32 [INFO]   Loaded: HMST Fine-Tune  MAE=41.9086
2026-07-31 22:08:32 [INFO]   Loaded: Each-Grid LSTM Zero-Shot  MAE=72.0528
2026-07-31 22:08:32 [INFO]   Loaded: Each-Grid LSTM Retrain  MAE=51.1002
2026-07-31 22:08:32 [INFO]   Loaded: All-Grid LSTM Zero-Shot  MAE=52.7106
2026-07-31 22:08:32 [INFO]   Loaded: All-Grid LSTM Retrain  MAE=54.8450
2026-07-31 22:08:32 [INFO]   Loaded: All-Grid DLinear Zero-Shot  MAE=61.8441
2026-07-31 22:08:32 [INFO]   Loaded: All-Grid DLinear Retrain  MAE=64.2130
2026-07-31 22:08:32 [INFO]   Loaded: All-Grid PatchTST Zero-Shot  MAE=53.4291
2026-07-31 22:08:32 [INFO]   Loaded: All-Grid PatchTST Retrain  MAE=56.1525
2026-07-31 22:08:32 [INFO]   Loaded: All-Grid Reformer Zero-Shot  MAE=53.4067
2026-07-31 22:08:32 [INFO]   Loaded: All-Grid Reformer Retrain  MAE=56.1908
2026-07-31 22:09:48 [INFO]   Loaded: Each-Grid LSTM (Small)  MAE=46.5244
2026-07-31 22:09:48 [INFO]   Loaded: Each-Grid LSTM (Base)  MAE=46.4340
2026-07-31 22:09:48 [INFO]   Loaded: Each-Grid LSTM (Large)  MAE=46.3836
2026-07-31 22:09:48 [INFO]   Loaded: All-Grid LSTM (Small)  MAE=52.3424
2026-07-31 22:09:49 [INFO]   Loaded: All-Grid LSTM (Base)  MAE=51.3948
2026-07-31 22:09:49 [INFO]   Loaded: All-Grid LSTM (Large)  MAE=50.4033
2026-07-31 22:09:49 [INFO]   Loaded: All-Grid DLinear (Small)  MAE=59.6337
2026-07-31 22:09:49 [INFO]   Loaded: All-Grid DLinear (Base)  MAE=59.3968
2026-07-31 22:09:49 [INFO]   Loaded: All-Grid DLinear (Large)  MAE=59.9354
2026-07-31 22:09:49 [INFO]   Loaded: All-Grid PatchTST (Base)  MAE=53.8227
2026-07-31 22:09:49 [INFO]   Loaded: All-Grid PatchTST (Large)  MAE=50.7747
2026-07-31 22:09:49 [INFO]   Loaded: All-Grid Reformer (Base)  MAE=52.7106
2026-07-31 22:09:49 [INFO]   Loaded: All-Grid Reformer (Large)  MAE=51.8044
2026-07-31 22:09:49 [INFO]   Loaded: HMST-v2 (Base)  MAE=39.8813
2026-07-31 22:09:49 [INFO]   Loaded: HMST-v2 (Large)  MAE=38.8215
2026-07-31 22:09:50 [INFO]   Loaded: Full  MAE=37.7989
2026-07-31 22:09:50 [INFO]   Loaded: w/o RevIN  MAE=39.1514
2026-07-31 22:09:50 [INFO]   Loaded: w/o Time Embedding  MAE=39.0000
2026-07-31 22:09:50 [INFO]   Loaded: w/o Spatial Position  MAE=44.1739
2026-07-31 22:09:50 [INFO]   Loaded: Random Mask  MAE=40.6019
2026-07-31 22:09:50 [INFO]   Loaded: HMST Zero-Shot  MAE=68.8240
2026-07-31 22:09:50 [INFO]   Loaded: HMST Fine-Tune  MAE=41.9086
2026-07-31 22:09:50 [INFO]   Loaded: Each-Grid LSTM Zero-Shot  MAE=72.0528
2026-07-31 22:09:50 [INFO]   Loaded: Each-Grid LSTM Retrain  MAE=51.1002
2026-07-31 22:09:50 [INFO]   Loaded: All-Grid LSTM Zero-Shot  MAE=52.7106
2026-07-31 22:09:50 [INFO]   Loaded: All-Grid LSTM Retrain  MAE=54.8450
2026-07-31 22:09:50 [INFO]   Loaded: All-Grid DLinear Zero-Shot  MAE=61.8441
2026-07-31 22:09:50 [INFO]   Loaded: All-Grid DLinear Retrain  MAE=64.2130
2026-07-31 22:09:50 [INFO]   Loaded: All-Grid PatchTST Zero-Shot  MAE=53.4291
2026-07-31 22:09:50 [INFO]   Loaded: All-Grid PatchTST Retrain  MAE=56.1525
2026-07-31 22:09:50 [INFO]   Loaded: All-Grid Reformer Zero-Shot  MAE=53.4067
2026-07-31 22:09:50 [INFO]   Loaded: All-Grid Reformer Retrain  MAE=56.1908
2026-07-31 22:11:31 [INFO]   Loaded: Each-Grid LSTM (Small)  MAE=46.5244
2026-07-31 22:11:31 [INFO]   Loaded: Each-Grid LSTM (Base)  MAE=46.4340
2026-07-31 22:11:31 [INFO]   Loaded: Each-Grid LSTM (Large)  MAE=46.3836
2026-07-31 22:11:31 [INFO]   Loaded: All-Grid LSTM (Small)  MAE=52.3424
2026-07-31 22:11:31 [INFO]   Loaded: All-Grid LSTM (Base)  MAE=51.3948
2026-07-31 22:11:31 [INFO]   Loaded: All-Grid LSTM (Large)  MAE=50.4033
2026-07-31 22:11:31 [INFO]   Loaded: All-Grid DLinear (Small)  MAE=59.6337
2026-07-31 22:11:31 [INFO]   Loaded: All-Grid DLinear (Base)  MAE=59.3968
2026-07-31 22:11:31 [INFO]   Loaded: All-Grid DLinear (Large)  MAE=59.9354
2026-07-31 22:11:31 [INFO]   Loaded: All-Grid PatchTST (Base)  MAE=53.8227
2026-07-31 22:11:31 [INFO]   Loaded: All-Grid PatchTST (Large)  MAE=50.7747
2026-07-31 22:11:31 [INFO]   Loaded: All-Grid Reformer (Base)  MAE=52.7106
2026-07-31 22:11:31 [INFO]   Loaded: All-Grid Reformer (Large)  MAE=51.8044
2026-07-31 22:11:31 [INFO]   Loaded: R-Treeformer (Base)  MAE=39.8813
2026-07-31 22:11:31 [INFO]   Loaded: R-Treeformer (Large)  MAE=38.8215
2026-07-31 22:11:32 [INFO]   Loaded: Full  MAE=37.7989
2026-07-31 22:11:32 [INFO]   Loaded: w/o RevIN  MAE=39.1514
2026-07-31 22:11:32 [INFO]   Loaded: w/o Time Embedding  MAE=39.0000
2026-07-31 22:11:32 [INFO]   Loaded: w/o Spatial Position  MAE=44.1739
2026-07-31 22:11:32 [INFO]   Loaded: Random Mask  MAE=40.6019
2026-07-31 22:11:32 [INFO]   Loaded: R-Treeformer Zero-Shot  MAE=68.8240
2026-07-31 22:11:32 [INFO]   Loaded: R-Treeformer Fine-Tune  MAE=41.9086
2026-07-31 22:11:32 [INFO]   Loaded: Each-Grid LSTM Zero-Shot  MAE=72.0528
2026-07-31 22:11:32 [INFO]   Loaded: Each-Grid LSTM Retrain  MAE=51.1002
2026-07-31 22:11:32 [INFO]   Loaded: All-Grid LSTM Zero-Shot  MAE=52.7106
2026-07-31 22:11:32 [INFO]   Loaded: All-Grid LSTM Retrain  MAE=54.8450
2026-07-31 22:11:32 [INFO]   Loaded: All-Grid DLinear Zero-Shot  MAE=61.8441
2026-07-31 22:11:32 [INFO]   Loaded: All-Grid DLinear Retrain  MAE=64.2130
2026-07-31 22:11:32 [INFO]   Loaded: All-Grid PatchTST Zero-Shot  MAE=53.4291
2026-07-31 22:11:32 [INFO]   Loaded: All-Grid PatchTST Retrain  MAE=56.1525
2026-07-31 22:11:32 [INFO]   Loaded: All-Grid Reformer Zero-Shot  MAE=53.4067
2026-07-31 22:11:32 [INFO]   Loaded: All-Grid Reformer Retrain  MAE=56.1908
2026-07-31 22:11:59 [INFO]   Loaded: Each-Grid LSTM (Small)  MAE=46.5244
2026-07-31 22:11:59 [INFO]   Loaded: Each-Grid LSTM (Base)  MAE=46.4340
2026-07-31 22:11:59 [INFO]   Loaded: Each-Grid LSTM (Large)  MAE=46.3836
2026-07-31 22:11:59 [INFO]   Loaded: All-Grid LSTM (Small)  MAE=52.3424
2026-07-31 22:11:59 [INFO]   Loaded: All-Grid LSTM (Base)  MAE=51.3948
2026-07-31 22:11:59 [INFO]   Loaded: All-Grid LSTM (Large)  MAE=50.4033
2026-07-31 22:11:59 [INFO]   Loaded: All-Grid DLinear (Small)  MAE=59.6337
2026-07-31 22:11:59 [INFO]   Loaded: All-Grid DLinear (Base)  MAE=59.3968
2026-07-31 22:11:59 [INFO]   Loaded: All-Grid DLinear (Large)  MAE=59.9354
2026-07-31 22:11:59 [INFO]   Loaded: All-Grid PatchTST (Base)  MAE=53.8227
2026-07-31 22:11:59 [INFO]   Loaded: All-Grid PatchTST (Large)  MAE=50.7747
2026-07-31 22:11:59 [INFO]   Loaded: All-Grid Reformer (Base)  MAE=52.7106
2026-07-31 22:11:59 [INFO]   Loaded: All-Grid Reformer (Large)  MAE=51.8044
2026-07-31 22:11:59 [INFO]   Loaded: R-Treeformer (Base)  MAE=39.8813
2026-07-31 22:11:59 [INFO]   Loaded: R-Treeformer (Large)  MAE=38.8215
2026-07-31 22:12:00 [INFO]   Loaded: Full  MAE=37.7989
2026-07-31 22:12:00 [INFO]   Loaded: w/o RevIN  MAE=39.1514
2026-07-31 22:12:00 [INFO]   Loaded: w/o Time Embedding  MAE=39.0000
2026-07-31 22:12:00 [INFO]   Loaded: w/o Spatial Position  MAE=44.1739
2026-07-31 22:12:00 [INFO]   Loaded: Random Mask  MAE=40.6019
2026-07-31 22:12:00 [INFO]   Loaded: R-Treeformer Zero-Shot  MAE=68.8240
2026-07-31 22:12:00 [INFO]   Loaded: R-Treeformer Fine-Tune  MAE=41.9086
2026-07-31 22:12:00 [INFO]   Loaded: Each-Grid LSTM Zero-Shot  MAE=72.0528
2026-07-31 22:12:00 [INFO]   Loaded: Each-Grid LSTM Retrain  MAE=51.1002
2026-07-31 22:12:00 [INFO]   Loaded: All-Grid LSTM Zero-Shot  MAE=52.7106
2026-07-31 22:12:00 [INFO]   Loaded: All-Grid LSTM Retrain  MAE=54.8450
2026-07-31 22:12:00 [INFO]   Loaded: All-Grid DLinear Zero-Shot  MAE=61.8441
2026-07-31 22:12:00 [INFO]   Loaded: All-Grid DLinear Retrain  MAE=64.2130
2026-07-31 22:12:00 [INFO]   Loaded: All-Grid PatchTST Zero-Shot  MAE=53.4291
2026-07-31 22:12:00 [INFO]   Loaded: All-Grid PatchTST Retrain  MAE=56.1525
2026-07-31 22:12:00 [INFO]   Loaded: All-Grid Reformer Zero-Shot  MAE=53.4067
2026-07-31 22:12:00 [INFO]   Loaded: All-Grid Reformer Retrain  MAE=56.1908
2026-07-31 22:13:24 [INFO]   Loaded: Each-Grid LSTM (Small)  MAE=46.5244
2026-07-31 22:13:24 [INFO]   Loaded: Each-Grid LSTM (Base)  MAE=46.4340
2026-07-31 22:13:24 [INFO]   Loaded: Each-Grid LSTM (Large)  MAE=46.3836
2026-07-31 22:13:24 [INFO]   Loaded: All-Grid LSTM (Small)  MAE=52.3424
2026-07-31 22:13:24 [INFO]   Loaded: All-Grid LSTM (Base)  MAE=51.3948
2026-07-31 22:13:24 [INFO]   Loaded: All-Grid LSTM (Large)  MAE=50.4033
2026-07-31 22:13:24 [INFO]   Loaded: All-Grid DLinear (Small)  MAE=59.6337
2026-07-31 22:13:25 [INFO]   Loaded: All-Grid DLinear (Base)  MAE=59.3968
2026-07-31 22:13:25 [INFO]   Loaded: All-Grid DLinear (Large)  MAE=59.9354
2026-07-31 22:13:25 [INFO]   Loaded: All-Grid PatchTST (Base)  MAE=53.8227
2026-07-31 22:13:25 [INFO]   Loaded: All-Grid PatchTST (Large)  MAE=50.7747
2026-07-31 22:13:25 [INFO]   Loaded: All-Grid Reformer (Base)  MAE=52.7106
2026-07-31 22:13:25 [INFO]   Loaded: All-Grid Reformer (Large)  MAE=51.8044
2026-07-31 22:13:25 [INFO]   Loaded: R-Treeformer (Base)  MAE=39.8813
2026-07-31 22:13:25 [INFO]   Loaded: R-Treeformer (Large)  MAE=38.8215
2026-07-31 22:13:25 [INFO]   Loaded: Full  MAE=37.7989
2026-07-31 22:13:25 [INFO]   Loaded: w/o RevIN  MAE=39.1514
2026-07-31 22:13:25 [INFO]   Loaded: w/o Time Embedding  MAE=39.0000
2026-07-31 22:13:25 [INFO]   Loaded: w/o Spatial Position  MAE=44.1739
2026-07-31 22:13:25 [INFO]   Loaded: Random Mask  MAE=40.6019
2026-07-31 22:13:26 [INFO]   Loaded: R-Treeformer Zero-Shot  MAE=68.8240
2026-07-31 22:13:26 [INFO]   Loaded: R-Treeformer Fine-Tune  MAE=41.9086
2026-07-31 22:13:26 [INFO]   Loaded: Each-Grid LSTM Zero-Shot  MAE=72.0528
2026-07-31 22:13:26 [INFO]   Loaded: Each-Grid LSTM Retrain  MAE=51.1002
2026-07-31 22:13:26 [INFO]   Loaded: All-Grid LSTM Zero-Shot  MAE=52.7106
2026-07-31 22:13:26 [INFO]   Loaded: All-Grid LSTM Retrain  MAE=54.8450
2026-07-31 22:13:26 [INFO]   Loaded: All-Grid DLinear Zero-Shot  MAE=61.8441
2026-07-31 22:13:26 [INFO]   Loaded: All-Grid DLinear Retrain  MAE=64.2130
2026-07-31 22:13:26 [INFO]   Loaded: All-Grid PatchTST Zero-Shot  MAE=53.4291
2026-07-31 22:13:26 [INFO]   Loaded: All-Grid PatchTST Retrain  MAE=56.1525
2026-07-31 22:13:26 [INFO]   Loaded: All-Grid Reformer Zero-Shot  MAE=53.4067
2026-07-31 22:13:26 [INFO]   Loaded: All-Grid Reformer Retrain  MAE=56.1908
2026-08-01 12:48:52 [INFO]   Loaded: Each-Grid LSTM (Small)  MAE=46.5244
2026-08-01 12:48:52 [INFO]   Loaded: Each-Grid LSTM (Base)  MAE=46.4340
2026-08-01 12:48:52 [INFO]   Loaded: Each-Grid LSTM (Large)  MAE=46.3836
2026-08-01 12:48:52 [INFO]   Loaded: All-Grid LSTM (Small)  MAE=52.3424
2026-08-01 12:48:52 [INFO]   Loaded: All-Grid LSTM (Base)  MAE=51.3948
2026-08-01 12:48:52 [INFO]   Loaded: All-Grid LSTM (Large)  MAE=50.4033
2026-08-01 12:48:52 [INFO]   Loaded: All-Grid DLinear (Small)  MAE=59.6337
2026-08-01 12:48:52 [INFO]   Loaded: All-Grid DLinear (Base)  MAE=59.3968
2026-08-01 12:48:53 [INFO]   Loaded: All-Grid DLinear (Large)  MAE=59.9354
2026-08-01 12:48:53 [INFO]   Loaded: All-Grid PatchTST (Base)  MAE=53.8227
2026-08-01 12:48:53 [INFO]   Loaded: All-Grid PatchTST (Large)  MAE=50.7747
2026-08-01 12:48:53 [INFO]   Loaded: All-Grid Reformer (Base)  MAE=52.7106
2026-08-01 12:48:53 [INFO]   Loaded: All-Grid Reformer (Large)  MAE=51.8044
2026-08-01 12:48:53 [INFO]   Loaded: R-Treeformer (Base)  MAE=39.8813
2026-08-01 12:48:53 [INFO]   Loaded: R-Treeformer (Large)  MAE=38.8215
2026-08-01 12:48:54 [INFO]   Loaded: Full  MAE=37.7989
2026-08-01 12:48:54 [INFO]   Loaded: w/o RevIN  MAE=39.1514
2026-08-01 12:48:54 [INFO]   Loaded: w/o Time Embedding  MAE=39.0000
2026-08-01 12:48:54 [INFO]   Loaded: w/o Spatial Position  MAE=44.1739
2026-08-01 12:48:54 [INFO]   Loaded: Random Mask  MAE=40.6019
2026-08-01 12:48:54 [INFO]   Loaded: R-Treeformer Zero-Shot  MAE=68.8240
2026-08-01 12:48:54 [INFO]   Loaded: R-Treeformer Fine-Tune  MAE=41.9086
2026-08-01 12:48:54 [INFO]   Loaded: Each-Grid LSTM Zero-Shot  MAE=72.0528
2026-08-01 12:48:54 [INFO]   Loaded: Each-Grid LSTM Retrain  MAE=51.1002
2026-08-01 12:48:54 [INFO]   Loaded: All-Grid LSTM Zero-Shot  MAE=52.7106
2026-08-01 12:48:54 [INFO]   Loaded: All-Grid LSTM Retrain  MAE=54.8450
2026-08-01 12:48:54 [INFO]   Loaded: All-Grid DLinear Zero-Shot  MAE=61.8441
2026-08-01 12:48:54 [INFO]   Loaded: All-Grid DLinear Retrain  MAE=64.2130
2026-08-01 12:48:54 [INFO]   Loaded: All-Grid PatchTST Zero-Shot  MAE=53.4291
2026-08-01 12:48:54 [INFO]   Loaded: All-Grid PatchTST Retrain  MAE=56.1525
2026-08-01 12:48:54 [INFO]   Loaded: All-Grid Reformer Zero-Shot  MAE=53.4067
2026-08-01 12:48:54 [INFO]   Loaded: All-Grid Reformer Retrain  MAE=56.1908
